DEBUG - 2026-09-28 06:31:31 --> Session: Class initialized using 'CodeIgniter\Session\Handlers\FileHandler' driver.
DEBUG - 2026-09-28 06:31:34 --> Session: Class initialized using 'CodeIgniter\Session\Handlers\FileHandler' driver.
DEBUG - 2026-09-28 06:31:34 --> Session: Class initialized using 'CodeIgniter\Session\Handlers\FileHandler' driver.
DEBUG - 2026-09-28 06:33:03 --> Session: Class initialized using 'CodeIgniter\Session\Handlers\FileHandler' driver.
ERROR - 2026-09-28 06:34:03 --> Error connecting to the database: mysqli_sql_exception: No connection could be made because the target machine actively refused it in C:\Users\Harrold Gille\Downloads\codeigniter4-framework-v4.7.4-0-g67ead89\Code Igniter Project\Activity 3\system\Database\MySQLi\Connection.php:201
Stack trace:
#0 C:\Users\Harrold Gille\Downloads\codeigniter4-framework-v4.7.4-0-g67ead89\Code Igniter Project\Activity 3\system\Database\MySQLi\Connection.php(201): mysqli->real_connect('localhost', 'root', Object(SensitiveParameterValue), 'pos_db', 3306, '', 0)
#1 C:\Users\Harrold Gille\Downloads\codeigniter4-framework-v4.7.4-0-g67ead89\Code Igniter Project\Activity 3\system\Database\BaseConnection.php(555): CodeIgniter\Database\MySQLi\Connection->connect(false)
#2 C:\Users\Harrold Gille\Downloads\codeigniter4-framework-v4.7.4-0-g67ead89\Code Igniter Project\Activity 3\system\Database\BaseConnection.php(795): CodeIgniter\Database\BaseConnection->initialize()
#3 C:\Users\Harrold Gille\Downloads\codeigniter4-framework-v4.7.4-0-g67ead89\Code Igniter Project\Activity 3\system\Database\BaseBuilder.php(2355): CodeIgniter\Database\BaseConnection->query('INSERT INTO `cu...', Array, false)
#4 C:\Users\Harrold Gille\Downloads\codeigniter4-framework-v4.7.4-0-g67ead89\Code Igniter Project\Activity 3\system\Model.php(357): CodeIgniter\Database\BaseBuilder->insert()
#5 C:\Users\Harrold Gille\Downloads\codeigniter4-framework-v4.7.4-0-g67ead89\Code Igniter Project\Activity 3\system\BaseModel.php(899): CodeIgniter\Model->doInsert(Array)
#6 C:\Users\Harrold Gille\Downloads\codeigniter4-framework-v4.7.4-0-g67ead89\Code Igniter Project\Activity 3\system\Model.php(670): CodeIgniter\BaseModel->insert(Array, true)
#7 C:\Users\Harrold Gille\Downloads\codeigniter4-framework-v4.7.4-0-g67ead89\Code Igniter Project\Activity 3\app\Controllers\Customers.php(38): CodeIgniter\Model->insert(Array)
#8 C:\Users\Harrold Gille\Downloads\codeigniter4-framework-v4.7.4-0-g67ead89\Code Igniter Project\Activity 3\system\CodeIgniter.php(974): App\Controllers\Customers->create()
#9 C:\Users\Harrold Gille\Downloads\codeigniter4-framework-v4.7.4-0-g67ead89\Code Igniter Project\Activity 3\system\CodeIgniter.php(520): CodeIgniter\CodeIgniter->runController(Object(App\Controllers\Customers))
#10 C:\Users\Harrold Gille\Downloads\codeigniter4-framework-v4.7.4-0-g67ead89\Code Igniter Project\Activity 3\system\CodeIgniter.php(363): CodeIgniter\CodeIgniter->handleRequest(NULL, Object(Config\Cache), false)
#11 C:\Users\Harrold Gille\Downloads\codeigniter4-framework-v4.7.4-0-g67ead89\Code Igniter Project\Activity 3\system\Boot.php(417): CodeIgniter\CodeIgniter->run()
#12 C:\Users\Harrold Gille\Downloads\codeigniter4-framework-v4.7.4-0-g67ead89\Code Igniter Project\Activity 3\system\Boot.php(68): CodeIgniter\Boot::runCodeIgniter(Object(CodeIgniter\CodeIgniter))
#13 C:\Users\Harrold Gille\Downloads\codeigniter4-framework-v4.7.4-0-g67ead89\Code Igniter Project\Activity 3\public\index.php(59): CodeIgniter\Boot::bootWeb(Object(Config\Paths))
#14 C:\Users\Harrold Gille\Downloads\codeigniter4-framework-v4.7.4-0-g67ead89\Code Igniter Project\Activity 3\system\rewrite.php(44): require_once('C:\\Users\\Harrol...')
#15 {main}

Next CodeIgniter\Database\Exceptions\DatabaseException: No connection could be made because the target machine actively refused it in C:\Users\Harrold Gille\Downloads\codeigniter4-framework-v4.7.4-0-g67ead89\Code Igniter Project\Activity 3\system\Database\MySQLi\Connection.php:231
Stack trace:
#0 C:\Users\Harrold Gille\Downloads\codeigniter4-framework-v4.7.4-0-g67ead89\Code Igniter Project\Activity 3\system\Database\BaseConnection.php(555): CodeIgniter\Database\MySQLi\Connection->connect(false)
#1 C:\Users\Harrold Gille\Downloads\codeigniter4-framework-v4.7.4-0-g67ead89\Code Igniter Project\Activity 3\system\Database\BaseConnection.php(795): CodeIgniter\Database\BaseConnection->initialize()
#2 C:\Users\Harrold Gille\Downloads\codeigniter4-framework-v4.7.4-0-g67ead89\Code Igniter Project\Activity 3\system\Database\BaseBuilder.php(2355): CodeIgniter\Database\BaseConnection->query('INSERT INTO `cu...', Array, false)
#3 C:\Users\Harrold Gille\Downloads\codeigniter4-framework-v4.7.4-0-g67ead89\Code Igniter Project\Activity 3\system\Model.php(357): CodeIgniter\Database\BaseBuilder->insert()
#4 C:\Users\Harrold Gille\Downloads\codeigniter4-framework-v4.7.4-0-g67ead89\Code Igniter Project\Activity 3\system\BaseModel.php(899): CodeIgniter\Model->doInsert(Array)
#5 C:\Users\Harrold Gille\Downloads\codeigniter4-framework-v4.7.4-0-g67ead89\Code Igniter Project\Activity 3\system\Model.php(670): CodeIgniter\BaseModel->insert(Array, true)
#6 C:\Users\Harrold Gille\Downloads\codeigniter4-framework-v4.7.4-0-g67ead89\Code Igniter Project\Activity 3\app\Controllers\Customers.php(38): CodeIgniter\Model->insert(Array)
#7 C:\Users\Harrold Gille\Downloads\codeigniter4-framework-v4.7.4-0-g67ead89\Code Igniter Project\Activity 3\system\CodeIgniter.php(974): App\Controllers\Customers->create()
#8 C:\Users\Harrold Gille\Downloads\codeigniter4-framework-v4.7.4-0-g67ead89\Code Igniter Project\Activity 3\system\CodeIgniter.php(520): CodeIgniter\CodeIgniter->runController(Object(App\Controllers\Customers))
#9 C:\Users\Harrold Gille\Downloads\codeigniter4-framework-v4.7.4-0-g67ead89\Code Igniter Project\Activity 3\system\CodeIgniter.php(363): CodeIgniter\CodeIgniter->handleRequest(NULL, Object(Config\Cache), false)
#10 C:\Users\Harrold Gille\Downloads\codeigniter4-framework-v4.7.4-0-g67ead89\Code Igniter Project\Activity 3\system\Boot.php(417): CodeIgniter\CodeIgniter->run()
#11 C:\Users\Harrold Gille\Downloads\codeigniter4-framework-v4.7.4-0-g67ead89\Code Igniter Project\Activity 3\system\Boot.php(68): CodeIgniter\Boot::runCodeIgniter(Object(CodeIgniter\CodeIgniter))
#12 C:\Users\Harrold Gille\Downloads\codeigniter4-framework-v4.7.4-0-g67ead89\Code Igniter Project\Activity 3\public\index.php(59): CodeIgniter\Boot::bootWeb(Object(Config\Paths))
#13 C:\Users\Harrold Gille\Downloads\codeigniter4-framework-v4.7.4-0-g67ead89\Code Igniter Project\Activity 3\system\rewrite.php(44): require_once('C:\\Users\\Harrol...')
#14 {main}
CRITICAL - 2026-09-28 06:34:03 --> CodeIgniter\Database\Exceptions\DatabaseException: Unable to connect to the database.
Main connection [MySQLi]: No connection could be made because the target machine actively refused it
[Method: POST, Route: customers/create]
in SYSTEMPATH\Database\BaseConnection.php on line 606.
 1 SYSTEMPATH\Database\BaseConnection.php(795): CodeIgniter\Database\BaseConnection->initialize()
 2 SYSTEMPATH\Database\BaseBuilder.php(2355): CodeIgniter\Database\BaseConnection->query('INSERT INTO `customers` (`full_name`, `email`, `phone`, `created_at`) VALUES (:full_name:, :email:, :phone:, :created_at:)', [...], false)
 3 SYSTEMPATH\Model.php(357): CodeIgniter\Database\BaseBuilder->insert()
 4 SYSTEMPATH\BaseModel.php(899): CodeIgniter\Model->doInsert([...])
 5 SYSTEMPATH\Model.php(670): CodeIgniter\BaseModel->insert([...], true)
 6 APPPATH\Controllers\Customers.php(38): CodeIgniter\Model->insert([...])
 7 SYSTEMPATH\CodeIgniter.php(974): App\Controllers\Customers->create()
 8 SYSTEMPATH\CodeIgniter.php(520): CodeIgniter\CodeIgniter->runController(Object(App\Controllers\Customers))
 9 SYSTEMPATH\CodeIgniter.php(363): CodeIgniter\CodeIgniter->handleRequest(null, Object(Config\Cache), false)
10 SYSTEMPATH\Boot.php(417): CodeIgniter\CodeIgniter->run()
11 SYSTEMPATH\Boot.php(68): CodeIgniter\Boot::runCodeIgniter(Object(CodeIgniter\CodeIgniter))
12 FCPATH\index.php(59): CodeIgniter\Boot::bootWeb(Object(Config\Paths))
13 SYSTEMPATH\rewrite.php(44): require_once('C:\\Users\\Harrold Gille\\Downloads\\codeigniter4-framework-v4.7.4-0-g67ead89\\Code Igniter Project\\Activity 3\\public\\index.php')
DEBUG - 2026-09-28 06:37:18 --> Session: Class initialized using 'CodeIgniter\Session\Handlers\FileHandler' driver.
DEBUG - 2026-09-28 06:40:45 --> Session: Class initialized using 'CodeIgniter\Session\Handlers\FileHandler' driver.
DEBUG - 2026-09-28 06:58:53 --> Session: Class initialized using 'CodeIgniter\Session\Handlers\FileHandler' driver.
DEBUG - 2026-09-28 07:21:14 --> Session: Class initialized using 'CodeIgniter\Session\Handlers\FileHandler' driver.
CRITICAL - 2026-09-28 07:21:27 --> CodeIgniter\Images\Exceptions\ImageException: The framework needs the following extension(s) installed and loaded: "GD".
[Method: POST, Route: users/update/1]
in SYSTEMPATH\Exceptions\FrameworkException.php on line 76.
 1 SYSTEMPATH\Images\Handlers\GDHandler.php(36): CodeIgniter\Exceptions\FrameworkException::forMissingExtension('GD')
 2 SYSTEMPATH\Config\Services.php(351): CodeIgniter\Images\Handlers\GDHandler->__construct(Object(Config\Images))
 3 SYSTEMPATH\Config\BaseService.php(325): CodeIgniter\Config\Services::image('gd', Object(Config\Images), false)
 4 SYSTEMPATH\Config\BaseService.php(264): CodeIgniter\Config\BaseService::__callStatic('image', [...])
 5 SYSTEMPATH\Config\Services.php(342): CodeIgniter\Config\BaseService::getSharedInstance('image', null, null)
 6 SYSTEMPATH\Config\BaseService.php(334): CodeIgniter\Config\Services::image()
 7 APPPATH\Controllers\Users.php(130): CodeIgniter\Config\BaseService::__callStatic('image', [])
 8 SYSTEMPATH\CodeIgniter.php(974): App\Controllers\Users->update('1')
 9 SYSTEMPATH\CodeIgniter.php(520): CodeIgniter\CodeIgniter->runController(Object(App\Controllers\Users))
10 SYSTEMPATH\CodeIgniter.php(363): CodeIgniter\CodeIgniter->handleRequest(null, Object(Config\Cache), false)
11 SYSTEMPATH\Boot.php(417): CodeIgniter\CodeIgniter->run()
12 SYSTEMPATH\Boot.php(68): CodeIgniter\Boot::runCodeIgniter(Object(CodeIgniter\CodeIgniter))
13 FCPATH\index.php(59): CodeIgniter\Boot::bootWeb(Object(Config\Paths))
14 SYSTEMPATH\rewrite.php(44): require_once('C:\\Users\\Harrold Gille\\Downloads\\codeigniter4-framework-v4.7.4-0-g67ead89\\Code Igniter Project\\Activity 3\\public\\index.php')
CRITICAL - 2026-09-28 07:21:45 --> CodeIgniter\Images\Exceptions\ImageException: The framework needs the following extension(s) installed and loaded: "GD".
[Method: POST, Route: users/update/1]
in SYSTEMPATH\Exceptions\FrameworkException.php on line 76.
 1 SYSTEMPATH\Images\Handlers\GDHandler.php(36): CodeIgniter\Exceptions\FrameworkException::forMissingExtension('GD')
 2 SYSTEMPATH\Config\Services.php(351): CodeIgniter\Images\Handlers\GDHandler->__construct(Object(Config\Images))
 3 SYSTEMPATH\Config\BaseService.php(325): CodeIgniter\Config\Services::image('gd', Object(Config\Images), false)
 4 SYSTEMPATH\Config\BaseService.php(264): CodeIgniter\Config\BaseService::__callStatic('image', [...])
 5 SYSTEMPATH\Config\Services.php(342): CodeIgniter\Config\BaseService::getSharedInstance('image', null, null)
 6 SYSTEMPATH\Config\BaseService.php(334): CodeIgniter\Config\Services::image()
 7 APPPATH\Controllers\Users.php(130): CodeIgniter\Config\BaseService::__callStatic('image', [])
 8 SYSTEMPATH\CodeIgniter.php(974): App\Controllers\Users->update('1')
 9 SYSTEMPATH\CodeIgniter.php(520): CodeIgniter\CodeIgniter->runController(Object(App\Controllers\Users))
10 SYSTEMPATH\CodeIgniter.php(363): CodeIgniter\CodeIgniter->handleRequest(null, Object(Config\Cache), false)
11 SYSTEMPATH\Boot.php(417): CodeIgniter\CodeIgniter->run()
12 SYSTEMPATH\Boot.php(68): CodeIgniter\Boot::runCodeIgniter(Object(CodeIgniter\CodeIgniter))
13 FCPATH\index.php(59): CodeIgniter\Boot::bootWeb(Object(Config\Paths))
14 SYSTEMPATH\rewrite.php(44): require_once('C:\\Users\\Harrold Gille\\Downloads\\codeigniter4-framework-v4.7.4-0-g67ead89\\Code Igniter Project\\Activity 3\\public\\index.php')
DEBUG - 2026-09-28 07:21:47 --> Session: Class initialized using 'CodeIgniter\Session\Handlers\FileHandler' driver.
DEBUG - 2026-09-28 07:21:51 --> Session: Class initialized using 'CodeIgniter\Session\Handlers\FileHandler' driver.
CRITICAL - 2026-09-28 07:21:56 --> CodeIgniter\Images\Exceptions\ImageException: The framework needs the following extension(s) installed and loaded: "GD".
[Method: POST, Route: users/update/1]
in SYSTEMPATH\Exceptions\FrameworkException.php on line 76.
 1 SYSTEMPATH\Images\Handlers\GDHandler.php(36): CodeIgniter\Exceptions\FrameworkException::forMissingExtension('GD')
 2 SYSTEMPATH\Config\Services.php(351): CodeIgniter\Images\Handlers\GDHandler->__construct(Object(Config\Images))
 3 SYSTEMPATH\Config\BaseService.php(325): CodeIgniter\Config\Services::image('gd', Object(Config\Images), false)
 4 SYSTEMPATH\Config\BaseService.php(264): CodeIgniter\Config\BaseService::__callStatic('image', [...])
 5 SYSTEMPATH\Config\Services.php(342): CodeIgniter\Config\BaseService::getSharedInstance('image', null, null)
 6 SYSTEMPATH\Config\BaseService.php(334): CodeIgniter\Config\Services::image()
 7 APPPATH\Controllers\Users.php(130): CodeIgniter\Config\BaseService::__callStatic('image', [])
 8 SYSTEMPATH\CodeIgniter.php(974): App\Controllers\Users->update('1')
 9 SYSTEMPATH\CodeIgniter.php(520): CodeIgniter\CodeIgniter->runController(Object(App\Controllers\Users))
10 SYSTEMPATH\CodeIgniter.php(363): CodeIgniter\CodeIgniter->handleRequest(null, Object(Config\Cache), false)
11 SYSTEMPATH\Boot.php(417): CodeIgniter\CodeIgniter->run()
12 SYSTEMPATH\Boot.php(68): CodeIgniter\Boot::runCodeIgniter(Object(CodeIgniter\CodeIgniter))
13 FCPATH\index.php(59): CodeIgniter\Boot::bootWeb(Object(Config\Paths))
14 SYSTEMPATH\rewrite.php(44): require_once('C:\\Users\\Harrold Gille\\Downloads\\codeigniter4-framework-v4.7.4-0-g67ead89\\Code Igniter Project\\Activity 3\\public\\index.php')
DEBUG - 2026-09-28 07:26:40 --> Session: Class initialized using 'CodeIgniter\Session\Handlers\FileHandler' driver.
DEBUG - 2026-09-28 07:26:52 --> Session: Class initialized using 'CodeIgniter\Session\Handlers\FileHandler' driver.
DEBUG - 2026-09-28 07:38:40 --> Session: Class initialized using 'CodeIgniter\Session\Handlers\FileHandler' driver.
DEBUG - 2026-09-28 07:38:45 --> Session: Class initialized using 'CodeIgniter\Session\Handlers\FileHandler' driver.
DEBUG - 2026-09-28 07:39:14 --> Session: Class initialized using 'CodeIgniter\Session\Handlers\FileHandler' driver.
DEBUG - 2026-09-28 07:39:16 --> Session: Class initialized using 'CodeIgniter\Session\Handlers\FileHandler' driver.
DEBUG - 2026-09-28 07:39:17 --> Session: Class initialized using 'CodeIgniter\Session\Handlers\FileHandler' driver.
DEBUG - 2026-09-28 07:39:17 --> Session: Class initialized using 'CodeIgniter\Session\Handlers\FileHandler' driver.
DEBUG - 2026-09-28 07:44:15 --> Session: Class initialized using 'CodeIgniter\Session\Handlers\FileHandler' driver.
